Clock: clk
Sources: clk 
Generated: no
Virtual: yes
Propagated: no
Period: 50.000000

===========================================================================
report_clock_properties
============================================================================
Clock                   Period          Waveform
----------------------------------------------------
clk                  50.000000    0.000000 25.000000

===========================================================================
report_clock_latency
============================================================================
Clock clk
rise -> rise
    min     max
0.000000 0.000000 source latency
0.331726         network latency _238_/CLK
        0.335471 network latency _245_/CLK
---------------
0.331726 0.335471 latency
        0.003745 skew

fall -> fall
    min     max
0.000000 0.000000 source latency
0.320416         network latency _238_/CLK
        0.323693 network latency _245_/CLK
---------------
0.320416 0.323693 latency
        0.003277 skew



===========================================================================
report_clock_min_period
============================================================================
clk period_min = 2.32 fmax = 431.35
