
===========================================================================
report_checks -unconstrained
===========================================================================
======================= nom_tt_025C_1v80 Corner ===================================

Startpoint: rst (input port clocked by clk)
Endpoint: _239_ (recovery check against rising-edge clock clk)
Path Group: asynchronous
Path Type: max

Fanout         Cap        Slew       Delay        Time   Description
---------------------------------------------------------------------------------------------
                                  0.000000    0.000000   clock clk (rise edge)
                                  0.000000    0.000000   clock network delay (propagated)
                                 10.000000   10.000000 v input external delay
    31    0.153600    0.335135    0.249155   10.249156 v rst (in)
                                                         rst (net)
                      0.335164    0.000000   10.249156 v _113_/A (sky130_fd_sc_hd__inv_2)
     1    0.003512    0.074925    0.114619   10.363774 ^ _113_/Y (sky130_fd_sc_hd__inv_2)
                                                         _037_ (net)
                      0.074925    0.000002   10.363776 ^ _239_/SET_B (sky130_fd_sc_hd__dfstp_2)
                                             10.363776   data arrival time

                                 50.000000   50.000000   clock clk (rise edge)
                                  0.000000   50.000000   clock source latency
    31    0.078462    0.355871    0.246114   50.246113 ^ clk (in)
                                                         clk (net)
                      0.355874    0.000000   50.246113 ^ _239_/CLK (sky130_fd_sc_hd__dfstp_2)
                                 -0.250000   49.996113   clock uncertainty
                                  0.000000   49.996113   clock reconvergence pessimism
                                  0.221012   50.217121   library recovery time
                                             50.217121   data required time
---------------------------------------------------------------------------------------------
                                             50.217121   data required time
                                            -10.363776   data arrival time
---------------------------------------------------------------------------------------------
                                             39.853348   slack (MET)


Startpoint: _239_ (rising edge-triggered flip-flop clocked by clk)
Endpoint: tx (output port clocked by clk)
Path Group: clk
Path Type: max

Fanout         Cap        Slew       Delay        Time   Description
---------------------------------------------------------------------------------------------
                                  0.000000    0.000000   clock clk (rise edge)
                                  0.000000    0.000000   clock source latency
    31    0.078462    0.355871    0.246115    0.246115 ^ clk (in)
                                                         clk (net)
                      0.355874    0.000000    0.246115 ^ _239_/CLK (sky130_fd_sc_hd__dfstp_2)
     1    0.033863    0.173801    0.707404    0.953519 ^ _239_/Q (sky130_fd_sc_hd__dfstp_2)
                                                         tx (net)
                      0.173801    0.000063    0.953582 ^ tx (out)
                                              0.953582   data arrival time

                                 50.000000   50.000000   clock clk (rise edge)
                                  0.000000   50.000000   clock network delay (propagated)
                                 -0.250000   49.749996   clock uncertainty
                                  0.000000   49.749996   clock reconvergence pessimism
                                -10.000000   39.749996   output external delay
                                             39.749996   data required time
---------------------------------------------------------------------------------------------
                                             39.749996   data required time
                                             -0.953582   data arrival time
---------------------------------------------------------------------------------------------
                                             38.796413   slack (MET)




===========================================================================
report_checks --slack_max -0.01
============================================================================
======================= nom_tt_025C_1v80 Corner ===================================

No paths found.


===========================================================================
 report_check_types -max_slew -max_cap -max_fanout -violators
============================================================================
======================= nom_tt_025C_1v80 Corner ===================================

max fanout

Pin                                   Limit Fanout  Slack
---------------------------------------------------------
clk                                      10     31    -21 (VIOLATED)
rst                                      10     31    -21 (VIOLATED)
_248_/Q                                  10     11        (VIOLATED)
_249_/Q                                  10     11        (VIOLATED)



===========================================================================
report_parasitic_annotation -report_unannotated
============================================================================
Found 0 unannotated drivers.
Found 0 partially unannotated drivers.

===========================================================================
max slew violation count 0
Writing metric design__max_slew_violation__count__corner:nom_tt_025C_1v80: 0
max fanout violation count 4
Writing metric design__max_fanout_violation__count__corner:nom_tt_025C_1v80: 4
max cap violation count 0
Writing metric design__max_cap_violation__count__corner:nom_tt_025C_1v80: 0
============================================================================

===========================================================================
check_setup -verbose -unconstrained_endpoints -multiple_clock -no_clock -no_input_delay -loops -generated_clocks
===========================================================================
