
===========================================================================
 report_power
============================================================================
======================= nom_tt_025C_1v80 Corner ===================================

Group                    Internal    Switching      Leakage        Total
                            Power        Power        Power        Power (Watts)
------------------------------------------------------------------------
Sequential           2.517500e-05 0.000000e+00 4.098475e-10 2.517541e-05  46.5%
Combinational        6.041706e-07 1.150153e-06 6.495978e-10 1.754973e-06   3.2%
Clock                1.923222e-05 7.934062e-06 2.043287e-10 2.716648e-05  50.2%
Macro                0.000000e+00 0.000000e+00 0.000000e+00 0.000000e+00   0.0%
Pad                  0.000000e+00 0.000000e+00 0.000000e+00 0.000000e+00   0.0%
------------------------------------------------------------------------
Total                4.501139e-05 9.084215e-06 1.263775e-09 5.409687e-05 100.0%
                            83.2%        16.8%         0.0%
Writing metric power__internal__total: 4.501139119383879e-5
Writing metric power__switching__total: 9.084214980248362e-6
Writing metric power__leakage__total: 1.263774862536593e-9
Writing metric power__total: 5.409686855273321e-5

