
===========================================================================
report_checks -unconstrained
===========================================================================
======================= min_ss_100C_1v60 Corner ===================================

Startpoint: rst (input port clocked by clk)
Endpoint: _220_ (recovery check against rising-edge clock clk)
Path Group: asynchronous
Path Type: max

Fanout         Cap        Slew       Delay        Time   Description
---------------------------------------------------------------------------------------------
                                  0.000000    0.000000   clock clk (rise edge)
                                  0.000000    0.000000   clock network delay (propagated)
                                 10.000000   10.000000 v input external delay
     1    0.002515    0.017379    0.008317   10.008317 v rst (in)
                                                         rst (net)
                      0.017379    0.000000   10.008317 v input10/A (sky130_fd_sc_hd__clkbuf_1)
     1    0.004571    0.068148    0.152991   10.161308 v input10/X (sky130_fd_sc_hd__clkbuf_1)
                                                         net10 (net)
                      0.068148    0.000084   10.161393 v fanout18/A (sky130_fd_sc_hd__clkbuf_2)
     5    0.029857    0.212117    0.314389   10.475781 v fanout18/X (sky130_fd_sc_hd__clkbuf_2)
                                                         net18 (net)
                      0.212117    0.000104   10.475885 v fanout16/A (sky130_fd_sc_hd__clkbuf_4)
     9    0.048878    0.185390    0.428834   10.904719 v fanout16/X (sky130_fd_sc_hd__clkbuf_4)
                                                         net16 (net)
                      0.185390    0.000267   10.904986 v fanout15/A (sky130_fd_sc_hd__buf_4)
    10    0.053860    0.141208    0.392985   11.297972 v fanout15/X (sky130_fd_sc_hd__buf_4)
                                                         net15 (net)
                      0.141208    0.000652   11.298624 v _132_/A (sky130_fd_sc_hd__inv_2)
     1    0.003470    0.052574    0.096477   11.395102 ^ _132_/Y (sky130_fd_sc_hd__inv_2)
                                                         _018_ (net)
                      0.052574    0.000023   11.395124 ^ _220_/RESET_B (sky130_fd_sc_hd__dfrtp_2)
                                             11.395124   data arrival time

                                 50.000000   50.000000   clock clk (rise edge)
                                  0.000000   50.000000   clock source latency
     1    0.014458    0.111720    0.074621   50.074619 ^ clk (in)
                                                         clk (net)
                      0.111722    0.000000   50.074619 ^ clkbuf_0_clk/A (sky130_fd_sc_hd__clkbuf_16)
     4    0.037912    0.091512    0.266109   50.340729 ^ clkbuf_0_clk/X (sky130_fd_sc_hd__clkbuf_16)
                                                         clknet_0_clk (net)
                      0.091512    0.000398   50.341125 ^ clkbuf_2_0__f_clk/A (sky130_fd_sc_hd__clkbuf_16)
     9    0.025201    0.073991    0.238824   50.579952 ^ clkbuf_2_0__f_clk/X (sky130_fd_sc_hd__clkbuf_16)
                                                         clknet_2_0__leaf_clk (net)
                      0.073991    0.000096   50.580048 ^ _220_/CLK (sky130_fd_sc_hd__dfrtp_2)
                                 -0.250000   50.330044   clock uncertainty
                                  0.000000   50.330044   clock reconvergence pessimism
                                  0.453337   50.783382   library recovery time
                                             50.783382   data required time
---------------------------------------------------------------------------------------------
                                             50.783382   data required time
                                            -11.395124   data arrival time
---------------------------------------------------------------------------------------------
                                             39.388260   slack (MET)


Startpoint: _239_ (rising edge-triggered flip-flop clocked by clk)
Endpoint: tx (output port clocked by clk)
Path Group: clk
Path Type: max

Fanout         Cap        Slew       Delay        Time   Description
---------------------------------------------------------------------------------------------
                                  0.000000    0.000000   clock clk (rise edge)
                                  0.000000    0.000000   clock source latency
     1    0.014458    0.111720    0.074622    0.074622 ^ clk (in)
                                                         clk (net)
                      0.111722    0.000000    0.074622 ^ clkbuf_0_clk/A (sky130_fd_sc_hd__clkbuf_16)
     4    0.037912    0.091512    0.266108    0.340730 ^ clkbuf_0_clk/X (sky130_fd_sc_hd__clkbuf_16)
                                                         clknet_0_clk (net)
                      0.091512    0.000418    0.341148 ^ clkbuf_2_1__f_clk/A (sky130_fd_sc_hd__clkbuf_16)
     9    0.023819    0.072223    0.236876    0.578023 ^ clkbuf_2_1__f_clk/X (sky130_fd_sc_hd__clkbuf_16)
                                                         clknet_2_1__leaf_clk (net)
                      0.072223    0.000139    0.578162 ^ _239_/CLK (sky130_fd_sc_hd__dfstp_1)
     1    0.002020    0.071571    1.053601    1.631763 ^ _239_/Q (sky130_fd_sc_hd__dfstp_1)
                                                         net12 (net)
                      0.071571    0.000017    1.631780 ^ output12/A (sky130_fd_sc_hd__buf_2)
     1    0.033936    0.269578    0.342817    1.974597 ^ output12/X (sky130_fd_sc_hd__buf_2)
                                                         tx (net)
                      0.269578    0.000165    1.974763 ^ tx (out)
                                              1.974763   data arrival time

                                 50.000000   50.000000   clock clk (rise edge)
                                  0.000000   50.000000   clock network delay (propagated)
                                 -0.250000   49.749996   clock uncertainty
                                  0.000000   49.749996   clock reconvergence pessimism
                                -10.000000   39.749996   output external delay
                                             39.749996   data required time
---------------------------------------------------------------------------------------------
                                             39.749996   data required time
                                             -1.974763   data arrival time
---------------------------------------------------------------------------------------------
                                             37.775234   slack (MET)




===========================================================================
report_checks --slack_max -0.01
============================================================================
======================= min_ss_100C_1v60 Corner ===================================

No paths found.


===========================================================================
 report_check_types -max_slew -max_cap -max_fanout -violators
============================================================================
======================= min_ss_100C_1v60 Corner ===================================



===========================================================================
report_parasitic_annotation -report_unannotated
============================================================================
Found 3 unannotated drivers.
 clkload0/X
 clkload1/X
 clkload2/Y
Found 0 partially unannotated drivers.

===========================================================================
max slew violation count 0
max fanout violation count 0
max cap violation count 0
============================================================================

===========================================================================
check_setup -verbose -unconstrained_endpoints -multiple_clock -no_clock -no_input_delay -loops -generated_clocks
===========================================================================
