Clock: clk
Sources: clk 
Generated: no
Virtual: yes
Propagated: no
Period: 50.000000

===========================================================================
report_clock_properties
============================================================================
Clock                   Period          Waveform
----------------------------------------------------
clk                  50.000000    0.000000 25.000000

===========================================================================
report_clock_latency
============================================================================
Clock clk
rise -> rise
    min     max
0.000000 0.000000 source latency
0.576072         network latency _238_/CLK
        0.581088 network latency _245_/CLK
---------------
0.576072 0.581088 latency
        0.005015 skew

fall -> fall
    min     max
0.000000 0.000000 source latency
0.571736         network latency _238_/CLK
        0.576184 network latency _245_/CLK
---------------
0.571736 0.576184 latency
        0.004448 skew



===========================================================================
report_clock_min_period
============================================================================
clk period_min = 4.99 fmax = 200.32
