
===========================================================================
 report_power
============================================================================
======================= min_ss_100C_1v60 Corner ===================================

Group                    Internal    Switching      Leakage        Total
                            Power        Power        Power        Power (Watts)
------------------------------------------------------------------------
Sequential           1.941641e-05 0.000000e+00 5.711278e-07 1.998753e-05  44.5%
Combinational        4.888876e-07 9.520464e-07 7.430111e-07 2.183945e-06   4.9%
Clock                1.572787e-05 6.918761e-06 1.131064e-07 2.275974e-05  50.7%
Macro                0.000000e+00 0.000000e+00 0.000000e+00 0.000000e+00   0.0%
Pad                  0.000000e+00 0.000000e+00 0.000000e+00 0.000000e+00   0.0%
------------------------------------------------------------------------
Total                3.563317e-05 7.870807e-06 1.427247e-06 4.493122e-05 100.0%
                            79.3%        17.5%         3.2%

