
===========================================================================
 report_power
============================================================================
======================= nom_ss_100C_1v60 Corner ===================================

Group                    Internal    Switching      Leakage        Total
                            Power        Power        Power        Power (Watts)
------------------------------------------------------------------------
Sequential           1.914742e-05 0.000000e+00 5.899468e-07 1.973737e-05  95.0%
Combinational        2.066742e-07 2.750362e-07 5.541160e-07 1.035826e-06   5.0%
Clock                0.000000e+00 0.000000e+00 0.000000e+00 0.000000e+00   0.0%
Macro                0.000000e+00 0.000000e+00 0.000000e+00 0.000000e+00   0.0%
Pad                  0.000000e+00 0.000000e+00 0.000000e+00 0.000000e+00   0.0%
------------------------------------------------------------------------
Total                1.935410e-05 2.750362e-07 1.144063e-06 2.077320e-05 100.0%
                            93.2%         1.3%         5.5%

