
===========================================================================
 report_power
============================================================================
======================= max_tt_025C_1v80 Corner ===================================

Group                    Internal    Switching      Leakage        Total
                            Power        Power        Power        Power (Watts)
------------------------------------------------------------------------
Sequential           2.512660e-05 0.000000e+00 4.098475e-10 2.512701e-05  40.7%
Combinational        6.254919e-07 1.303376e-06 6.570258e-10 1.929525e-06   3.1%
Clock                2.466299e-05 1.005274e-05 4.432547e-10 3.471617e-05  56.2%
Macro                0.000000e+00 0.000000e+00 0.000000e+00 0.000000e+00   0.0%
Pad                  0.000000e+00 0.000000e+00 0.000000e+00 0.000000e+00   0.0%
------------------------------------------------------------------------
Total                5.041508e-05 1.135612e-05 1.510127e-09 6.177271e-05 100.0%
                            81.6%        18.4%         0.0%

