
===========================================================================
report_checks -unconstrained
===========================================================================
======================= nom_tt_025C_1v80 Corner ===================================

Startpoint: rst (input port clocked by clk)
Endpoint: _239_ (recovery check against rising-edge clock clk)
Path Group: asynchronous
Path Type: max

Fanout         Cap        Slew       Delay        Time   Description
---------------------------------------------------------------------------------------------
                                  0.000000    0.000000   clock clk (rise edge)
                                  0.000000    0.000000   clock network delay (propagated)
                                 10.000000   10.000000 v input external delay
     1    0.002728    0.008465    0.004292   10.004292 v rst (in)
                                                         rst (net)
                      0.008465    0.000000   10.004292 v input10/A (sky130_fd_sc_hd__clkbuf_1)
     1    0.003073    0.027874    0.073656   10.077948 v input10/X (sky130_fd_sc_hd__clkbuf_1)
                                                         net10 (net)
                      0.027874    0.000017   10.077965 v fanout18/A (sky130_fd_sc_hd__clkbuf_4)
     7    0.033804    0.078817    0.174415   10.252379 v fanout18/X (sky130_fd_sc_hd__clkbuf_4)
                                                         net18 (net)
                      0.078817    0.000060   10.252440 v fanout17/A (sky130_fd_sc_hd__buf_4)
    10    0.050916    0.077908    0.201648   10.454087 v fanout17/X (sky130_fd_sc_hd__buf_4)
                                                         net17 (net)
                      0.077908    0.000159   10.454247 v _113_/A (sky130_fd_sc_hd__inv_2)
     1    0.003920    0.033809    0.056537   10.510783 ^ _113_/Y (sky130_fd_sc_hd__inv_2)
                                                         _037_ (net)
                      0.033809    0.000008   10.510792 ^ _239_/SET_B (sky130_fd_sc_hd__dfstp_1)
                                             10.510792   data arrival time

                                 50.000000   50.000000   clock clk (rise edge)
                                  0.000000   50.000000   clock source latency
     1    0.011024    0.055991    0.037357   50.037354 ^ clk (in)
                                                         clk (net)
                      0.055992    0.000000   50.037354 ^ clkbuf_0_clk/A (sky130_fd_sc_hd__clkbuf_16)
     4    0.036305    0.056547    0.143288   50.180645 ^ clkbuf_0_clk/X (sky130_fd_sc_hd__clkbuf_16)
                                                         clknet_0_clk (net)
                      0.056547    0.000149   50.180794 ^ clkbuf_2_2__f_clk/A (sky130_fd_sc_hd__clkbuf_16)
     8    0.022611    0.044113    0.132200   50.312992 ^ clkbuf_2_2__f_clk/X (sky130_fd_sc_hd__clkbuf_16)
                                                         clknet_2_2__leaf_clk (net)
                      0.044113    0.000053   50.313046 ^ _239_/CLK (sky130_fd_sc_hd__dfstp_1)
                                 -0.250000   50.063046   clock uncertainty
                                  0.000000   50.063046   clock reconvergence pessimism
                                  0.138325   50.201370   library recovery time
                                             50.201370   data required time
---------------------------------------------------------------------------------------------
                                             50.201370   data required time
                                            -10.510792   data arrival time
---------------------------------------------------------------------------------------------
                                             39.690578   slack (MET)


Startpoint: _239_ (rising edge-triggered flip-flop clocked by clk)
Endpoint: tx (output port clocked by clk)
Path Group: clk
Path Type: max

Fanout         Cap        Slew       Delay        Time   Description
---------------------------------------------------------------------------------------------
                                  0.000000    0.000000   clock clk (rise edge)
                                  0.000000    0.000000   clock source latency
     1    0.011024    0.055991    0.037357    0.037357 ^ clk (in)
                                                         clk (net)
                      0.055992    0.000000    0.037357 ^ clkbuf_0_clk/A (sky130_fd_sc_hd__clkbuf_16)
     4    0.036305    0.056547    0.143287    0.180644 ^ clkbuf_0_clk/X (sky130_fd_sc_hd__clkbuf_16)
                                                         clknet_0_clk (net)
                      0.056547    0.000151    0.180795 ^ clkbuf_2_2__f_clk/A (sky130_fd_sc_hd__clkbuf_16)
     8    0.022611    0.044113    0.132200    0.312994 ^ clkbuf_2_2__f_clk/X (sky130_fd_sc_hd__clkbuf_16)
                                                         clknet_2_2__leaf_clk (net)
                      0.044113    0.000054    0.313048 ^ _239_/CLK (sky130_fd_sc_hd__dfstp_1)
     1    0.002044    0.041509    0.485790    0.798838 ^ _239_/Q (sky130_fd_sc_hd__dfstp_1)
                                                         net12 (net)
                      0.041509    0.000002    0.798840 ^ output12/A (sky130_fd_sc_hd__buf_2)
     1    0.034019    0.168938    0.196204    0.995044 ^ output12/X (sky130_fd_sc_hd__buf_2)
                                                         tx (net)
                      0.168938    0.000088    0.995133 ^ tx (out)
                                              0.995133   data arrival time

                                 50.000000   50.000000   clock clk (rise edge)
                                  0.000000   50.000000   clock network delay (propagated)
                                 -0.250000   49.749996   clock uncertainty
                                  0.000000   49.749996   clock reconvergence pessimism
                                -10.000000   39.749996   output external delay
                                             39.749996   data required time
---------------------------------------------------------------------------------------------
                                             39.749996   data required time
                                             -0.995133   data arrival time
---------------------------------------------------------------------------------------------
                                             38.754864   slack (MET)




===========================================================================
report_checks --slack_max -0.01
============================================================================
======================= nom_tt_025C_1v80 Corner ===================================

No paths found.


===========================================================================
 report_check_types -max_slew -max_cap -max_fanout -violators
============================================================================
======================= nom_tt_025C_1v80 Corner ===================================



===========================================================================
report_parasitic_annotation -report_unannotated
============================================================================
Found 3 unannotated drivers.
 clkload0/X
 clkload1/Y
 clkload2/Y
Found 0 partially unannotated drivers.

===========================================================================
max slew violation count 0
Writing metric design__max_slew_violation__count__corner:nom_tt_025C_1v80: 0
max fanout violation count 0
Writing metric design__max_fanout_violation__count__corner:nom_tt_025C_1v80: 0
max cap violation count 0
Writing metric design__max_cap_violation__count__corner:nom_tt_025C_1v80: 0
============================================================================

===========================================================================
check_setup -verbose -unconstrained_endpoints -multiple_clock -no_clock -no_input_delay -loops -generated_clocks
===========================================================================
