
===========================================================================
 report_power
============================================================================
======================= nom_tt_025C_1v80 Corner ===================================

Group                    Internal    Switching      Leakage        Total
                            Power        Power        Power        Power (Watts)
------------------------------------------------------------------------
Sequential           2.516690e-05 0.000000e+00 4.098475e-10 2.516731e-05  42.1%
Combinational        6.246538e-07 1.148770e-06 6.570258e-10 1.774081e-06   3.0%
Clock                2.455202e-05 8.328718e-06 2.164507e-10 3.288095e-05  55.0%
Macro                0.000000e+00 0.000000e+00 0.000000e+00 0.000000e+00   0.0%
Pad                  0.000000e+00 0.000000e+00 0.000000e+00 0.000000e+00   0.0%
------------------------------------------------------------------------
Total                5.034357e-05 9.477488e-06 1.283325e-09 5.982234e-05 100.0%
                            84.2%        15.8%         0.0%
Writing metric power__internal__total: 5.034356581745669e-5
Writing metric power__switching__total: 9.47748776525259e-6
Writing metric power__leakage__total: 1.2833247797772174e-9
Writing metric power__total: 5.9822337789228186e-5

