
===========================================================================
 report_power
============================================================================
======================= nom_tt_025C_1v80 Corner ===================================

Group                    Internal    Switching      Leakage        Total
                            Power        Power        Power        Power (Watts)
------------------------------------------------------------------------
Sequential           2.514849e-05 0.000000e+00 3.664289e-10 2.514886e-05  97.2%
Combinational        3.399778e-07 3.751015e-07 4.577764e-10 7.155369e-07   2.8%
Clock                0.000000e+00 0.000000e+00 1.296015e-10 1.296015e-10   0.0%
Macro                0.000000e+00 0.000000e+00 0.000000e+00 0.000000e+00   0.0%
Pad                  0.000000e+00 0.000000e+00 0.000000e+00 0.000000e+00   0.0%
------------------------------------------------------------------------
Total                2.548847e-05 3.751015e-07 9.538057e-10 2.586452e-05 100.0%
                            98.5%         1.5%         0.0%
Writing metric power__internal__total: 2.5488467144896276e-5
Writing metric power__switching__total: 3.7510145034502784e-7
Writing metric power__leakage__total: 9.538057010871626e-10
Writing metric power__total: 2.586452137620654e-5

