
===========================================================================
 report_power
============================================================================
======================= nom_tt_025C_1v80 Corner ===================================

Group                    Internal    Switching      Leakage        Total
                            Power        Power        Power        Power (Watts)
------------------------------------------------------------------------
Sequential           2.515051e-05 0.000000e+00 4.098475e-10 2.515092e-05  41.5%
Combinational        6.256465e-07 1.271316e-06 6.570258e-10 1.897619e-06   3.1%
Clock                2.460855e-05 8.998920e-06 2.164507e-10 3.360768e-05  55.4%
Macro                0.000000e+00 0.000000e+00 0.000000e+00 0.000000e+00   0.0%
Pad                  0.000000e+00 0.000000e+00 0.000000e+00 0.000000e+00   0.0%
------------------------------------------------------------------------
Total                5.038471e-05 1.027024e-05 1.283325e-09 6.065623e-05 100.0%
                            83.1%        16.9%         0.0%
Writing metric power__internal__total: 5.03847113577649e-5
Writing metric power__switching__total: 1.0270235179632436e-5
Writing metric power__leakage__total: 1.2833247797772174e-9
Writing metric power__total: 6.065623165341094e-5

