
===========================================================================
 report_power
============================================================================
======================= min_ss_100C_1v60 Corner ===================================

Group                    Internal    Switching      Leakage        Total
                            Power        Power        Power        Power (Watts)
------------------------------------------------------------------------
Sequential           1.941192e-05 0.000000e+00 5.714223e-07 1.998334e-05  43.6%
Combinational        5.161009e-07 9.240392e-07 7.546745e-07 2.194814e-06   4.8%
Clock                1.639338e-05 7.117045e-06 1.173314e-07 2.362776e-05  51.6%
Macro                0.000000e+00 0.000000e+00 0.000000e+00 0.000000e+00   0.0%
Pad                  0.000000e+00 0.000000e+00 0.000000e+00 0.000000e+00   0.0%
------------------------------------------------------------------------
Total                3.632141e-05 8.041085e-06 1.443430e-06 4.580593e-05 100.0%
                            79.3%        17.6%         3.2%

