
===========================================================================
 report_power
============================================================================
======================= max_ff_n40C_1v95 Corner ===================================

Group                    Internal    Switching      Leakage        Total
                            Power        Power        Power        Power (Watts)
------------------------------------------------------------------------
Sequential           2.927222e-05 0.000000e+00 5.124287e-10 2.927273e-05  44.1%
Combinational        7.541942e-07 1.489149e-06 1.164665e-09 2.244508e-06   3.4%
Clock                2.307800e-05 1.172005e-05 7.297029e-10 3.479878e-05  52.5%
Macro                0.000000e+00 0.000000e+00 0.000000e+00 0.000000e+00   0.0%
Pad                  0.000000e+00 0.000000e+00 0.000000e+00 0.000000e+00   0.0%
------------------------------------------------------------------------
Total                5.310440e-05 1.320920e-05 2.406796e-09 6.631601e-05 100.0%
                            80.1%        19.9%         0.0%

