
===========================================================================
 report_power
============================================================================
======================= min_tt_025C_1v80 Corner ===================================

Group                    Internal    Switching      Leakage        Total
                            Power        Power        Power        Power (Watts)
------------------------------------------------------------------------
Sequential           2.513985e-05 0.000000e+00 4.098475e-10 2.514025e-05  41.1%
Combinational        6.252166e-07 1.244580e-06 6.570258e-10 1.870454e-06   3.1%
Clock                2.463514e-05 9.481729e-06 4.432547e-10 3.411731e-05  55.8%
Macro                0.000000e+00 0.000000e+00 0.000000e+00 0.000000e+00   0.0%
Pad                  0.000000e+00 0.000000e+00 0.000000e+00 0.000000e+00   0.0%
------------------------------------------------------------------------
Total                5.040020e-05 1.072631e-05 1.510127e-09 6.112803e-05 100.0%
                            82.5%        17.5%         0.0%

