
===========================================================================
report_checks -unconstrained
===========================================================================
======================= nom_ff_n40C_1v95 Corner ===================================

Startpoint: rst (input port clocked by clk)
Endpoint: _234_ (recovery check against rising-edge clock clk)
Path Group: asynchronous
Path Type: max

Fanout         Cap        Slew       Delay        Time   Description
---------------------------------------------------------------------------------------------
                                  0.000000    0.000000   clock clk (rise edge)
                                  0.000000    0.000000   clock network delay (propagated)
                                 10.000000   10.000000 v input external delay
     1    0.002630    0.004473    0.002126   10.002127 v rst (in)
                                                         rst (net)
                      0.004474    0.000000   10.002127 v input10/A (sky130_fd_sc_hd__clkbuf_1)
     1    0.003004    0.019032    0.047163   10.049290 v input10/X (sky130_fd_sc_hd__clkbuf_1)
                                                         net10 (net)
                      0.019032    0.000095   10.049385 v fanout18/A (sky130_fd_sc_hd__buf_2)
     7    0.035036    0.064169    0.113376   10.162761 v fanout18/X (sky130_fd_sc_hd__buf_2)
                                                         net18 (net)
                      0.064241    0.001916   10.164677 v fanout16/A (sky130_fd_sc_hd__buf_4)
    10    0.058766    0.063684    0.141149   10.305826 v fanout16/X (sky130_fd_sc_hd__buf_4)
                                                         net16 (net)
                      0.064162    0.004377   10.310203 v _218_/A (sky130_fd_sc_hd__inv_2)
     1    0.004086    0.026320    0.042445   10.352648 ^ _218_/Y (sky130_fd_sc_hd__inv_2)
                                                         _032_ (net)
                      0.026320    0.000084   10.352733 ^ _234_/SET_B (sky130_fd_sc_hd__dfstp_2)
                                             10.352733   data arrival time

                                 50.000000   50.000000   clock clk (rise edge)
                                  0.000000   50.000000   clock source latency
     1    0.013209    0.049428    0.033044   50.033043 ^ clk (in)
                                                         clk (net)
                      0.049437    0.000000   50.033043 ^ clkbuf_0_clk/A (sky130_fd_sc_hd__clkbuf_16)
     4    0.041220    0.045945    0.102713   50.135754 ^ clkbuf_0_clk/X (sky130_fd_sc_hd__clkbuf_16)
                                                         clknet_0_clk (net)
                      0.045988    0.001190   50.136944 ^ clkbuf_2_1__f_clk/A (sky130_fd_sc_hd__clkbuf_16)
    10    0.029509    0.037777    0.095220   50.232166 ^ clkbuf_2_1__f_clk/X (sky130_fd_sc_hd__clkbuf_16)
                                                         clknet_2_1__leaf_clk (net)
                      0.037781    0.000409   50.232574 ^ _234_/CLK (sky130_fd_sc_hd__dfstp_2)
                                 -0.250000   49.982571   clock uncertainty
                                  0.000000   49.982571   clock reconvergence pessimism
                                  0.084972   50.067547   library recovery time
                                             50.067547   data required time
---------------------------------------------------------------------------------------------
                                             50.067547   data required time
                                            -10.352733   data arrival time
---------------------------------------------------------------------------------------------
                                             39.714813   slack (MET)


Startpoint: _239_ (rising edge-triggered flip-flop clocked by clk)
Endpoint: tx (output port clocked by clk)
Path Group: clk
Path Type: max

Fanout         Cap        Slew       Delay        Time   Description
---------------------------------------------------------------------------------------------
                                  0.000000    0.000000   clock clk (rise edge)
                                  0.000000    0.000000   clock source latency
     1    0.013209    0.049428    0.033042    0.033042 ^ clk (in)
                                                         clk (net)
                      0.049437    0.000000    0.033042 ^ clkbuf_0_clk/A (sky130_fd_sc_hd__clkbuf_16)
     4    0.041220    0.045945    0.102715    0.135758 ^ clkbuf_0_clk/X (sky130_fd_sc_hd__clkbuf_16)
                                                         clknet_0_clk (net)
                      0.045988    0.001190    0.136948 ^ clkbuf_2_1__f_clk/A (sky130_fd_sc_hd__clkbuf_16)
    10    0.029509    0.037777    0.095219    0.232167 ^ clkbuf_2_1__f_clk/X (sky130_fd_sc_hd__clkbuf_16)
                                                         clknet_2_1__leaf_clk (net)
                      0.037781    0.000395    0.232561 ^ _239_/CLK (sky130_fd_sc_hd__dfstp_1)
     1    0.002432    0.031240    0.297676    0.530237 ^ _239_/Q (sky130_fd_sc_hd__dfstp_1)
                                                         net12 (net)
                      0.031240    0.000070    0.530307 ^ output12/A (sky130_fd_sc_hd__buf_2)
     1    0.033958    0.127146    0.136562    0.666869 ^ output12/X (sky130_fd_sc_hd__buf_2)
                                                         tx (net)
                      0.127150    0.000613    0.667482 ^ tx (out)
                                              0.667482   data arrival time

                                 50.000000   50.000000   clock clk (rise edge)
                                  0.000000   50.000000   clock network delay (propagated)
                                 -0.250000   49.749996   clock uncertainty
                                  0.000000   49.749996   clock reconvergence pessimism
                                -10.000000   39.749996   output external delay
                                             39.749996   data required time
---------------------------------------------------------------------------------------------
                                             39.749996   data required time
                                             -0.667482   data arrival time
---------------------------------------------------------------------------------------------
                                             39.082516   slack (MET)




===========================================================================
report_checks --slack_max -0.01
============================================================================
======================= nom_ff_n40C_1v95 Corner ===================================

No paths found.


===========================================================================
 report_check_types -max_slew -max_cap -max_fanout -violators
============================================================================
======================= nom_ff_n40C_1v95 Corner ===================================



===========================================================================
report_parasitic_annotation -report_unannotated
============================================================================
Found 3 unannotated drivers.
 clkload0/Y
 clkload1/X
 clkload2/X
Found 0 partially unannotated drivers.

===========================================================================
max slew violation count 0
max fanout violation count 0
max cap violation count 0
============================================================================

===========================================================================
check_setup -verbose -unconstrained_endpoints -multiple_clock -no_clock -no_input_delay -loops -generated_clocks
===========================================================================
