Clock: clk
Sources: clk 
Generated: no
Virtual: yes
Propagated: no
Period: 50.000000

===========================================================================
report_clock_properties
============================================================================
Clock                   Period          Waveform
----------------------------------------------------
clk                  50.000000    0.000000 25.000000

===========================================================================
report_clock_latency
============================================================================
Clock clk
rise -> rise
    min     max
0.000000 0.000000 source latency
0.228541         network latency _224_/CLK
        0.232820 network latency _220_/CLK
---------------
0.228541 0.232820 latency
        0.004279 skew

fall -> fall
    min     max
0.000000 0.000000 source latency
0.218296         network latency _224_/CLK
        0.221963 network latency _220_/CLK
---------------
0.218296 0.221963 latency
        0.003666 skew



===========================================================================
report_clock_min_period
============================================================================
clk period_min = 1.52 fmax = 659.16
