
===========================================================================
 report_power
============================================================================
======================= nom_ss_100C_1v60 Corner ===================================

Group                    Internal    Switching      Leakage        Total
                            Power        Power        Power        Power (Watts)
------------------------------------------------------------------------
Sequential           1.940000e-05 0.000000e+00 5.711278e-07 1.997113e-05  44.2%
Combinational        4.888808e-07 9.754872e-07 7.430111e-07 2.207379e-06   4.9%
Clock                1.574771e-05 7.133310e-06 1.131064e-07 2.299413e-05  50.9%
Macro                0.000000e+00 0.000000e+00 0.000000e+00 0.000000e+00   0.0%
Pad                  0.000000e+00 0.000000e+00 0.000000e+00 0.000000e+00   0.0%
------------------------------------------------------------------------
Total                3.563658e-05 8.108796e-06 1.427247e-06 4.517263e-05 100.0%
                            78.9%        18.0%         3.2%

