
===========================================================================
 report_power
============================================================================
======================= max_tt_025C_1v80 Corner ===================================

Group                    Internal    Switching      Leakage        Total
                            Power        Power        Power        Power (Watts)
------------------------------------------------------------------------
Sequential           2.513742e-05 0.000000e+00 4.098475e-10 2.513783e-05  44.9%
Combinational        6.043882e-07 1.304626e-06 6.495978e-10 1.909664e-06   3.4%
Clock                1.935931e-05 9.523933e-06 4.408528e-10 2.888368e-05  51.6%
Macro                0.000000e+00 0.000000e+00 0.000000e+00 0.000000e+00   0.0%
Pad                  0.000000e+00 0.000000e+00 0.000000e+00 0.000000e+00   0.0%
------------------------------------------------------------------------
Total                4.510111e-05 1.082856e-05 1.500297e-09 5.593117e-05 100.0%
                            80.6%        19.4%         0.0%

