
===========================================================================
 report_power
============================================================================
======================= max_ff_n40C_1v95 Corner ===================================

Group                    Internal    Switching      Leakage        Total
                            Power        Power        Power        Power (Watts)
------------------------------------------------------------------------
Sequential           2.925851e-05 0.000000e+00 5.089102e-10 2.925902e-05  40.8%
Combinational        7.346488e-07 1.534060e-06 1.197250e-09 2.269906e-06   3.2%
Clock                2.821540e-05 1.201194e-05 8.565131e-10 4.022819e-05  56.1%
Macro                0.000000e+00 0.000000e+00 0.000000e+00 0.000000e+00   0.0%
Pad                  0.000000e+00 0.000000e+00 0.000000e+00 0.000000e+00   0.0%
------------------------------------------------------------------------
Total                5.820856e-05 1.354600e-05 2.562674e-09 7.175712e-05 100.0%
                            81.1%        18.9%         0.0%

