
===========================================================================
 report_power
============================================================================
======================= nom_tt_025C_1v80 Corner ===================================

Group                    Internal    Switching      Leakage        Total
                            Power        Power        Power        Power (Watts)
------------------------------------------------------------------------
Sequential           2.514787e-05 0.000000e+00 4.095581e-10 2.514828e-05  44.4%
Combinational        6.376264e-07 1.237557e-06 6.582806e-10 1.875841e-06   3.3%
Clock                2.015152e-05 9.501717e-06 3.786406e-10 2.965362e-05  52.3%
Macro                0.000000e+00 0.000000e+00 0.000000e+00 0.000000e+00   0.0%
Pad                  0.000000e+00 0.000000e+00 0.000000e+00 0.000000e+00   0.0%
------------------------------------------------------------------------
Total                4.593702e-05 1.073927e-05 1.446478e-09 5.667774e-05 100.0%
                            81.0%        18.9%         0.0%

