
===========================================================================
 report_power
============================================================================
======================= nom_ff_n40C_1v95 Corner ===================================

Group                    Internal    Switching      Leakage        Total
                            Power        Power        Power        Power (Watts)
------------------------------------------------------------------------
Sequential           2.926697e-05 0.000000e+00 5.089102e-10 2.926748e-05  41.0%
Combinational        7.314506e-07 1.500263e-06 1.197250e-09 2.232911e-06   3.1%
Clock                2.820199e-05 1.167830e-05 8.565131e-10 3.988114e-05  55.9%
Macro                0.000000e+00 0.000000e+00 0.000000e+00 0.000000e+00   0.0%
Pad                  0.000000e+00 0.000000e+00 0.000000e+00 0.000000e+00   0.0%
------------------------------------------------------------------------
Total                5.820041e-05 1.317856e-05 2.562674e-09 7.138153e-05 100.0%
                            81.5%        18.5%         0.0%

