
===========================================================================
report_checks -unconstrained
===========================================================================
======================= min_ff_n40C_1v95 Corner ===================================

Startpoint: rst (input port clocked by clk)
Endpoint: _234_ (recovery check against rising-edge clock clk)
Path Group: asynchronous
Path Type: max

Fanout         Cap        Slew       Delay        Time   Description
---------------------------------------------------------------------------------------------
                                  0.000000    0.000000   clock clk (rise edge)
                                  0.000000    0.000000   clock network delay (propagated)
                                 10.000000   10.000000 v input external delay
     1    0.002593    0.004429    0.002076   10.002076 v rst (in)
                                                         rst (net)
                      0.004429    0.000000   10.002076 v input10/A (sky130_fd_sc_hd__clkbuf_1)
     1    0.002909    0.018699    0.046816   10.048892 v input10/X (sky130_fd_sc_hd__clkbuf_1)
                                                         net10 (net)
                      0.018699    0.000039   10.048931 v fanout18/A (sky130_fd_sc_hd__buf_2)
     7    0.033875    0.062223    0.112268   10.161199 v fanout18/X (sky130_fd_sc_hd__buf_2)
                                                         net18 (net)
                      0.062247    0.001141   10.162340 v fanout16/A (sky130_fd_sc_hd__buf_4)
    10    0.057205    0.061806    0.140226   10.302566 v fanout16/X (sky130_fd_sc_hd__buf_4)
                                                         net16 (net)
                      0.061963    0.002721   10.305286 v _218_/A (sky130_fd_sc_hd__inv_2)
     1    0.004037    0.025774    0.041677   10.346964 ^ _218_/Y (sky130_fd_sc_hd__inv_2)
                                                         _032_ (net)
                      0.025774    0.000031   10.346994 ^ _234_/SET_B (sky130_fd_sc_hd__dfstp_2)
                                             10.346994   data arrival time

                                 50.000000   50.000000   clock clk (rise edge)
                                  0.000000   50.000000   clock source latency
     1    0.012726    0.047771    0.031779   50.031776 ^ clk (in)
                                                         clk (net)
                      0.047775    0.000000   50.031776 ^ clkbuf_0_clk/A (sky130_fd_sc_hd__clkbuf_16)
     4    0.040319    0.045387    0.102020   50.133797 ^ clkbuf_0_clk/X (sky130_fd_sc_hd__clkbuf_16)
                                                         clknet_0_clk (net)
                      0.045394    0.000536   50.134335 ^ clkbuf_2_1__f_clk/A (sky130_fd_sc_hd__clkbuf_16)
    10    0.028609    0.037114    0.094587   50.228920 ^ clkbuf_2_1__f_clk/X (sky130_fd_sc_hd__clkbuf_16)
                                                         clknet_2_1__leaf_clk (net)
                      0.037114    0.000117   50.229038 ^ _234_/CLK (sky130_fd_sc_hd__dfstp_2)
                                 -0.250000   49.979038   clock uncertainty
                                  0.000000   49.979038   clock reconvergence pessimism
                                  0.084875   50.063911   library recovery time
                                             50.063911   data required time
---------------------------------------------------------------------------------------------
                                             50.063911   data required time
                                            -10.346994   data arrival time
---------------------------------------------------------------------------------------------
                                             39.716919   slack (MET)


Startpoint: _239_ (rising edge-triggered flip-flop clocked by clk)
Endpoint: tx (output port clocked by clk)
Path Group: clk
Path Type: max

Fanout         Cap        Slew       Delay        Time   Description
---------------------------------------------------------------------------------------------
                                  0.000000    0.000000   clock clk (rise edge)
                                  0.000000    0.000000   clock source latency
     1    0.012726    0.047771    0.031780    0.031780 ^ clk (in)
                                                         clk (net)
                      0.047775    0.000000    0.031780 ^ clkbuf_0_clk/A (sky130_fd_sc_hd__clkbuf_16)
     4    0.040319    0.045387    0.102020    0.133800 ^ clkbuf_0_clk/X (sky130_fd_sc_hd__clkbuf_16)
                                                         clknet_0_clk (net)
                      0.045394    0.000534    0.134334 ^ clkbuf_2_1__f_clk/A (sky130_fd_sc_hd__clkbuf_16)
    10    0.028609    0.037114    0.094587    0.228921 ^ clkbuf_2_1__f_clk/X (sky130_fd_sc_hd__clkbuf_16)
                                                         clknet_2_1__leaf_clk (net)
                      0.037114    0.000105    0.229027 ^ _239_/CLK (sky130_fd_sc_hd__dfstp_1)
     1    0.002382    0.031049    0.297219    0.526246 ^ _239_/Q (sky130_fd_sc_hd__dfstp_1)
                                                         net12 (net)
                      0.031049    0.000023    0.526269 ^ output12/A (sky130_fd_sc_hd__buf_2)
     1    0.033924    0.126952    0.136730    0.662999 ^ output12/X (sky130_fd_sc_hd__buf_2)
                                                         tx (net)
                      0.126952    0.000165    0.663164 ^ tx (out)
                                              0.663164   data arrival time

                                 50.000000   50.000000   clock clk (rise edge)
                                  0.000000   50.000000   clock network delay (propagated)
                                 -0.250000   49.749996   clock uncertainty
                                  0.000000   49.749996   clock reconvergence pessimism
                                -10.000000   39.749996   output external delay
                                             39.749996   data required time
---------------------------------------------------------------------------------------------
                                             39.749996   data required time
                                             -0.663164   data arrival time
---------------------------------------------------------------------------------------------
                                             39.086834   slack (MET)




===========================================================================
report_checks --slack_max -0.01
============================================================================
======================= min_ff_n40C_1v95 Corner ===================================

No paths found.


===========================================================================
 report_check_types -max_slew -max_cap -max_fanout -violators
============================================================================
======================= min_ff_n40C_1v95 Corner ===================================



===========================================================================
report_parasitic_annotation -report_unannotated
============================================================================
Found 3 unannotated drivers.
 clkload0/Y
 clkload1/X
 clkload2/X
Found 0 partially unannotated drivers.

===========================================================================
max slew violation count 0
max fanout violation count 0
max cap violation count 0
============================================================================

===========================================================================
check_setup -verbose -unconstrained_endpoints -multiple_clock -no_clock -no_input_delay -loops -generated_clocks
===========================================================================
