Clock: clk
Sources: clk 
Generated: no
Virtual: yes
Propagated: no
Period: 50.000000

===========================================================================
report_clock_properties
============================================================================
Clock                   Period          Waveform
----------------------------------------------------
clk                  50.000000    0.000000 25.000000

===========================================================================
report_clock_latency
============================================================================
Clock clk
rise -> rise
    min     max
0.000000 0.000000 source latency
0.580039         network latency _224_/CLK
        0.588630 network latency _220_/CLK
---------------
0.580039 0.588630 latency
        0.008592 skew

fall -> fall
    min     max
0.000000 0.000000 source latency
0.577080         network latency _224_/CLK
        0.584249 network latency _220_/CLK
---------------
0.577080 0.584249 latency
        0.007169 skew



===========================================================================
report_clock_min_period
============================================================================
clk period_min = 5.14 fmax = 194.57
