                                                                        Cells by Master                                                                         
┏━━━━━━━━━━━━━━━━━━━━━━━━━━━━━━━━━━━━━━━━━━━━━━━━━━━━━━━━━━━━━━━━━━━━━━━━━━━━━━━━━━━━━━━━━━━━━━━━━━━━━━━━━━━━━━━━━━━━━━━━━━━━━━━━━┳━━━━━━━━━━━━━━━━━━━━━━━━━━━━┓
┃ Cell                                                                                                                            ┃ Count                      ┃
┡━━━━━━━━━━━━━━━━━━━━━━━━━━━━━━━━━━━━━━━━━━━━━━━━━━━━━━━━━━━━━━━━━━━━━━━━━━━━━━━━━━━━━━━━━━━━━━━━━━━━━━━━━━━━━━━━━━━━━━━━━━━━━━━━━╇━━━━━━━━━━━━━━━━━━━━━━━━━━━━┩
│ sky130_ef_sc_hd__decap_12                                                                                                       │ 22                         │
│ sky130_fd_sc_hd__a211o_1                                                                                                        │ 2                          │
│ sky130_fd_sc_hd__a21bo_1                                                                                                        │ 2                          │
│ sky130_fd_sc_hd__a21o_1                                                                                                         │ 2                          │
│ sky130_fd_sc_hd__a21oi_1                                                                                                        │ 2                          │
│ sky130_fd_sc_hd__a22o_1                                                                                                         │ 3                          │
│ sky130_fd_sc_hd__a22oi_1                                                                                                        │ 1                          │
│ sky130_fd_sc_hd__a2bb2o_1                                                                                                       │ 1                          │
│ sky130_fd_sc_hd__a311o_1                                                                                                        │ 3                          │
│ sky130_fd_sc_hd__and2_1                                                                                                         │ 4                          │
│ sky130_fd_sc_hd__and3_1                                                                                                         │ 7                          │
│ sky130_fd_sc_hd__and3b_1                                                                                                        │ 4                          │
│ sky130_fd_sc_hd__and4_1                                                                                                         │ 2                          │
│ sky130_fd_sc_hd__and4_2                                                                                                         │ 1                          │
│ sky130_fd_sc_hd__and4b_1                                                                                                        │ 1                          │
│ sky130_fd_sc_hd__buf_2                                                                                                          │ 2                          │
│ sky130_fd_sc_hd__buf_4                                                                                                          │ 2                          │
│ sky130_fd_sc_hd__bufinv_16                                                                                                      │ 1                          │
│ sky130_fd_sc_hd__clkbuf_1                                                                                                       │ 9                          │
│ sky130_fd_sc_hd__clkbuf_16                                                                                                      │ 5                          │
│ sky130_fd_sc_hd__clkbuf_2                                                                                                       │ 3                          │
│ sky130_fd_sc_hd__clkbuf_4                                                                                                       │ 2                          │
│ sky130_fd_sc_hd__clkbuf_8                                                                                                       │ 1                          │
│ sky130_fd_sc_hd__clkinv_2                                                                                                       │ 1                          │
│ sky130_fd_sc_hd__decap_3                                                                                                        │ 57                         │
│ sky130_fd_sc_hd__decap_4                                                                                                        │ 15                         │
│ sky130_fd_sc_hd__decap_6                                                                                                        │ 18                         │
│ sky130_fd_sc_hd__decap_8                                                                                                        │ 20                         │
│ sky130_fd_sc_hd__dfrtp_1                                                                                                        │ 28                         │
│ sky130_fd_sc_hd__dfrtp_2                                                                                                        │ 1                          │
│ sky130_fd_sc_hd__dfstp_1                                                                                                        │ 2                          │
│ sky130_fd_sc_hd__dlygate4sd3_1                                                                                                  │ 20                         │
│ sky130_fd_sc_hd__fill_1                                                                                                         │ 52                         │
│ sky130_fd_sc_hd__fill_2                                                                                                         │ 24                         │
│ sky130_fd_sc_hd__inv_2                                                                                                          │ 39                         │
│ sky130_fd_sc_hd__mux2_1                                                                                                         │ 10                         │
│ sky130_fd_sc_hd__nand2_1                                                                                                        │ 5                          │
│ sky130_fd_sc_hd__nand2_4                                                                                                        │ 1                          │
│ sky130_fd_sc_hd__nand2b_1                                                                                                       │ 1                          │
│ sky130_fd_sc_hd__nand3_1                                                                                                        │ 1                          │
│ sky130_fd_sc_hd__nand4_1                                                                                                        │ 1                          │
│ sky130_fd_sc_hd__nor2_1                                                                                                         │ 5                          │
│ sky130_fd_sc_hd__o211a_1                                                                                                        │ 1                          │
│ sky130_fd_sc_hd__o21a_1                                                                                                         │ 2                          │
│ sky130_fd_sc_hd__o21ba_1                                                                                                        │ 1                          │
│ sky130_fd_sc_hd__or2_1                                                                                                          │ 2                          │
│ sky130_fd_sc_hd__or3_1                                                                                                          │ 1                          │
│ sky130_fd_sc_hd__or3_2                                                                                                          │ 1                          │
│ sky130_fd_sc_hd__or3b_1                                                                                                         │ 2                          │
│ sky130_fd_sc_hd__or4b_1                                                                                                         │ 1                          │
│ sky130_fd_sc_hd__tapvpwrvgnd_1                                                                                                  │ 44                         │
│ sky130_fd_sc_hd__xor2_1                                                                                                         │ 1                          │
└─────────────────────────────────────────────────────────────────────────────────────────────────────────────────────────────────┴────────────────────────────┘
