
===========================================================================
report_checks -unconstrained
===========================================================================
======================= nom_ff_n40C_1v95 Corner ===================================

Startpoint: rst (input port clocked by clk)
Endpoint: _234_ (recovery check against rising-edge clock clk)
Path Group: asynchronous
Path Type: max

Fanout         Cap        Slew       Delay        Time   Description
---------------------------------------------------------------------------------------------
                      0.150000    0.000000    0.000000   clock clk (rise edge)
                                  0.000000    0.000000   clock network delay (ideal)
                                 10.000000   10.000000 v input external delay
    31    0.132835    0.196542    0.148032   10.148032 v rst (in)
                                                         rst (net)
                      0.196542    0.000000   10.148032 v _218_/A (sky130_fd_sc_hd__inv_2)
     1    0.003562    0.045406    0.071171   10.219203 ^ _218_/Y (sky130_fd_sc_hd__inv_2)
                                                         _032_ (net)
                      0.045406    0.000000   10.219203 ^ _234_/SET_B (sky130_fd_sc_hd__dfstp_2)
                                             10.219203   data arrival time

                      0.150000   50.000000   50.000000   clock clk (rise edge)
                                  0.000000   50.000000   clock network delay (ideal)
                                 -0.250000   49.749996   clock uncertainty
                                  0.000000   49.749996   clock reconvergence pessimism
                                             49.749996 ^ _234_/CLK (sky130_fd_sc_hd__dfstp_2)
                                  0.100214   49.850212   library recovery time
                                             49.850212   data required time
---------------------------------------------------------------------------------------------
                                             49.850212   data required time
                                            -10.219203   data arrival time
---------------------------------------------------------------------------------------------
                                             39.631008   slack (MET)


Startpoint: en (input port clocked by clk)
Endpoint: _238_ (rising edge-triggered flip-flop clocked by clk)
Path Group: clk
Path Type: max

Fanout         Cap        Slew       Delay        Time   Description
---------------------------------------------------------------------------------------------
                      0.150000    0.000000    0.000000   clock clk (rise edge)
                                  0.000000    0.000000   clock network delay (ideal)
                                 10.000000   10.000000 v input external delay
     3    0.010404    0.017107    0.010294   10.010294 v en (in)
                                                         en (net)
                      0.017107    0.000000   10.010294 v _153_/A1 (sky130_fd_sc_hd__mux2_1)
     1    0.001343    0.032762    0.134353   10.144648 v _153_/X (sky130_fd_sc_hd__mux2_1)
                                                         _076_ (net)
                      0.032762    0.000000   10.144648 v _154_/C (sky130_fd_sc_hd__or3_2)
     1    0.002059    0.048159    0.222336   10.366983 v _154_/X (sky130_fd_sc_hd__or3_2)
                                                         _049_ (net)
                      0.048159    0.000000   10.366983 v _238_/D (sky130_fd_sc_hd__dfrtp_2)
                                             10.366983   data arrival time

                      0.150000   50.000000   50.000000   clock clk (rise edge)
                                  0.000000   50.000000   clock network delay (ideal)
                                 -0.250000   49.749996   clock uncertainty
                                  0.000000   49.749996   clock reconvergence pessimism
                                             49.749996 ^ _238_/CLK (sky130_fd_sc_hd__dfrtp_2)
                                 -0.068052   49.681946   library setup time
                                             49.681946   data required time
---------------------------------------------------------------------------------------------
                                             49.681946   data required time
                                            -10.366983   data arrival time
---------------------------------------------------------------------------------------------
                                             39.314964   slack (MET)




===========================================================================
report_checks --slack_max -0.01
============================================================================
======================= nom_ff_n40C_1v95 Corner ===================================

No paths found.


===========================================================================
 report_check_types -max_slew -max_cap -max_fanout -violators
============================================================================
======================= nom_ff_n40C_1v95 Corner ===================================

max fanout

Pin                                   Limit Fanout  Slack
---------------------------------------------------------
rst                                      10     31    -21 (VIOLATED)
_248_/Q                                  10     11        (VIOLATED)
_249_/Q                                  10     11        (VIOLATED)



===========================================================================
report_parasitic_annotation -report_unannotated
============================================================================
Found 152 unannotated drivers.
 clk
 data_in[0]
 data_in[1]
 data_in[2]
 data_in[3]
 data_in[4]
 data_in[5]
 data_in[6]
 data_in[7]
 en
 rst
 _110_/Y
 _111_/Y
 _112_/Y
 _113_/Y
 _114_/Y
 _115_/Y
 _116_/Y
 _117_/Y
 _118_/Y
 _119_/Y
 _120_/Y
 _121_/Y
 _122_/Y
 _123_/Y
 _124_/Y
 _125_/Y
 _126_/Y
 _127_/Y
 _128_/Y
 _129_/Y
 _130_/Y
 _131_/Y
 _132_/Y
 _133_/Y
 _134_/X
 _135_/Y
 _136_/X
 _137_/X
 _138_/X
 _139_/X
 _140_/Y
 _141_/X
 _142_/X
 _143_/X
 _144_/Y
 _145_/X
 _146_/X
 _147_/X
 _148_/X
 _149_/X
 _150_/X
 _151_/X
 _152_/X
 _153_/X
 _154_/X
 _155_/Y
 _156_/X
 _157_/X
 _158_/X
 _159_/X
 _160_/X
 _161_/Y
 _162_/X
 _163_/X
 _164_/X
 _165_/X
 _166_/Y
 _167_/Y
 _168_/Y
 _169_/X
 _170_/X
 _171_/X
 _172_/X
 _173_/Y
 _174_/X
 _175_/X
 _176_/X
 _177_/Y
 _178_/X
 _179_/Y
 _180_/X
 _181_/X
 _182_/X
 _183_/Y
 _184_/X
 _185_/Y
 _186_/Y
 _187_/X
 _188_/X
 _189_/Y
 _190_/X
 _191_/X
 _192_/Y
 _193_/Y
 _194_/X
 _195_/X
 _196_/X
 _197_/X
 _198_/X
 _199_/X
 _200_/X
 _201_/X
 _202_/X
 _203_/X
 _204_/X
 _205_/Y
 _206_/Y
 _207_/Y
 _208_/Y
 _209_/Y
 _210_/Y
 _211_/Y
 _212_/Y
 _213_/Y
 _214_/Y
 _215_/Y
 _216_/Y
 _217_/Y
 _218_/Y
 _219_/Y
 _220_/Q
 _221_/Q
 _222_/Q
 _223_/Q
 _224_/Q
 _225_/Q
 _226_/Q
 _227_/Q
 _228_/Q
 _229_/Q
 _230_/Q
 _231_/Q
 _232_/Q
 _233_/Q
 _234_/Q
 _235_/Q
 _236_/Q
 _237_/Q
 _238_/Q
 _239_/Q
 _240_/Q
 _241_/Q
 _242_/Q
 _243_/Q
 _244_/Q
 _245_/Q
 _246_/Q
 _247_/Q
 _248_/Q
 _249_/Q
 _250_/Q
Found 0 partially unannotated drivers.

===========================================================================
max slew violation count 0
max fanout violation count 3
max cap violation count 0
============================================================================

===========================================================================
check_setup -verbose -unconstrained_endpoints -multiple_clock -no_clock -no_input_delay -loops -generated_clocks
===========================================================================
