
===========================================================================
report_checks -unconstrained
===========================================================================
======================= nom_tt_025C_1v80 Corner ===================================

Startpoint: rst (input port clocked by clk)
Endpoint: _239_ (recovery check against rising-edge clock clk)
Path Group: asynchronous
Path Type: max

Fanout         Cap        Slew       Delay        Time   Description
---------------------------------------------------------------------------------------------
                                  0.000000    0.000000   clock clk (rise edge)
                                  0.000000    0.000000   clock network delay (propagated)
                                 10.000000   10.000000 v input external delay
     1    0.002814    0.008657    0.004463   10.004463 v rst (in)
                                                         rst (net)
                      0.008657    0.000000   10.004463 v input10/A (sky130_fd_sc_hd__clkbuf_1)
     1    0.003647    0.030808    0.076424   10.080888 v input10/X (sky130_fd_sc_hd__clkbuf_1)
                                                         net10 (net)
                      0.030808    0.000124   10.081012 v fanout18/A (sky130_fd_sc_hd__clkbuf_4)
     7    0.040954    0.091973    0.185896   10.266908 v fanout18/X (sky130_fd_sc_hd__clkbuf_4)
                                                         net18 (net)
                      0.091977    0.000707   10.267614 v fanout17/A (sky130_fd_sc_hd__buf_4)
    10    0.057778    0.082575    0.212964   10.480578 v fanout17/X (sky130_fd_sc_hd__buf_4)
                                                         net17 (net)
                      0.082644    0.002215   10.482794 v _113_/A (sky130_fd_sc_hd__inv_2)
     1    0.003909    0.033686    0.058155   10.540949 ^ _113_/Y (sky130_fd_sc_hd__inv_2)
                                                         _037_ (net)
                      0.033686    0.000047   10.540996 ^ _239_/SET_B (sky130_fd_sc_hd__dfstp_1)
                                             10.540996   data arrival time

                                 50.000000   50.000000   clock clk (rise edge)
                                  0.000000   50.000000   clock source latency
     1    0.012307    0.061629    0.041641   50.041641 ^ clk (in)
                                                         clk (net)
                      0.061636    0.000000   50.041641 ^ clkbuf_0_clk/A (sky130_fd_sc_hd__clkbuf_16)
     4    0.040429    0.060124    0.148056   50.189697 ^ clkbuf_0_clk/X (sky130_fd_sc_hd__clkbuf_16)
                                                         clknet_0_clk (net)
                      0.060145    0.001009   50.190704 ^ clkbuf_2_2__f_clk/A (sky130_fd_sc_hd__clkbuf_16)
     8    0.026406    0.047594    0.136914   50.327618 ^ clkbuf_2_2__f_clk/X (sky130_fd_sc_hd__clkbuf_16)
                                                         clknet_2_2__leaf_clk (net)
                      0.047600    0.000561   50.328182 ^ _239_/CLK (sky130_fd_sc_hd__dfstp_1)
                                 -0.250000   50.078178   clock uncertainty
                                  0.000000   50.078178   clock reconvergence pessimism
                                  0.139314   50.217491   library recovery time
                                             50.217491   data required time
---------------------------------------------------------------------------------------------
                                             50.217491   data required time
                                            -10.540996   data arrival time
---------------------------------------------------------------------------------------------
                                             39.676495   slack (MET)


Startpoint: _239_ (rising edge-triggered flip-flop clocked by clk)
Endpoint: tx (output port clocked by clk)
Path Group: clk
Path Type: max

Fanout         Cap        Slew       Delay        Time   Description
---------------------------------------------------------------------------------------------
                                  0.000000    0.000000   clock clk (rise edge)
                                  0.000000    0.000000   clock source latency
     1    0.012307    0.061629    0.041640    0.041640 ^ clk (in)
                                                         clk (net)
                      0.061636    0.000000    0.041640 ^ clkbuf_0_clk/A (sky130_fd_sc_hd__clkbuf_16)
     4    0.040429    0.060124    0.148057    0.189697 ^ clkbuf_0_clk/X (sky130_fd_sc_hd__clkbuf_16)
                                                         clknet_0_clk (net)
                      0.060145    0.001009    0.190707 ^ clkbuf_2_2__f_clk/A (sky130_fd_sc_hd__clkbuf_16)
     8    0.026406    0.047594    0.136913    0.327620 ^ clkbuf_2_2__f_clk/X (sky130_fd_sc_hd__clkbuf_16)
                                                         clknet_2_2__leaf_clk (net)
                      0.047600    0.000562    0.328182 ^ _239_/CLK (sky130_fd_sc_hd__dfstp_1)
     1    0.002167    0.041050    0.488022    0.816204 ^ _239_/Q (sky130_fd_sc_hd__dfstp_1)
                                                         net12 (net)
                      0.041050    0.000044    0.816248 ^ output12/A (sky130_fd_sc_hd__buf_2)
     1    0.033906    0.168472    0.195291    1.011539 ^ output12/X (sky130_fd_sc_hd__buf_2)
                                                         tx (net)
                      0.168472    0.000610    1.012149 ^ tx (out)
                                              1.012149   data arrival time

                                 50.000000   50.000000   clock clk (rise edge)
                                  0.000000   50.000000   clock network delay (propagated)
                                 -0.250000   49.749996   clock uncertainty
                                  0.000000   49.749996   clock reconvergence pessimism
                                -10.000000   39.749996   output external delay
                                             39.749996   data required time
---------------------------------------------------------------------------------------------
                                             39.749996   data required time
                                             -1.012149   data arrival time
---------------------------------------------------------------------------------------------
                                             38.737846   slack (MET)




===========================================================================
report_checks --slack_max -0.01
============================================================================
======================= nom_tt_025C_1v80 Corner ===================================

No paths found.


===========================================================================
 report_check_types -max_slew -max_cap -max_fanout -violators
============================================================================
======================= nom_tt_025C_1v80 Corner ===================================



===========================================================================
report_parasitic_annotation -report_unannotated
============================================================================
Found 3 unannotated drivers.
 clkload0/X
 clkload1/Y
 clkload2/Y
Found 0 partially unannotated drivers.

===========================================================================
max slew violation count 0
max fanout violation count 0
max cap violation count 0
============================================================================

===========================================================================
check_setup -verbose -unconstrained_endpoints -multiple_clock -no_clock -no_input_delay -loops -generated_clocks
===========================================================================
