Clock: clk
Sources: clk 
Generated: no
Virtual: yes
Propagated: no
Period: 50.000000

===========================================================================
report_clock_properties
============================================================================
Clock                   Period          Waveform
----------------------------------------------------
clk                  50.000000    0.000000 25.000000

===========================================================================
report_clock_latency
============================================================================
Clock clk
rise -> rise
    min     max
0.000000 0.000000 source latency
0.325341         network latency _234_/CLK
        0.332764 network latency _245_/CLK
---------------
0.325341 0.332764 latency
        0.007424 skew

fall -> fall
    min     max
0.000000 0.000000 source latency
0.317794         network latency _234_/CLK
        0.324219 network latency _245_/CLK
---------------
0.317794 0.324219 latency
        0.006425 skew



===========================================================================
report_clock_min_period
============================================================================
clk period_min = 2.32 fmax = 430.74
