
===========================================================================
 report_power
============================================================================
======================= nom_tt_025C_1v80 Corner ===================================

Group                    Internal    Switching      Leakage        Total
                            Power        Power        Power        Power (Watts)
------------------------------------------------------------------------
Sequential           2.513336e-05 0.000000e+00 4.098475e-10 2.513377e-05  40.9%
Combinational        6.253841e-07 1.274579e-06 6.570258e-10 1.900620e-06   3.1%
Clock                2.464989e-05 9.768455e-06 4.432547e-10 3.441879e-05  56.0%
Macro                0.000000e+00 0.000000e+00 0.000000e+00 0.000000e+00   0.0%
Pad                  0.000000e+00 0.000000e+00 0.000000e+00 0.000000e+00   0.0%
------------------------------------------------------------------------
Total                5.040864e-05 1.104304e-05 1.510127e-09 6.145319e-05 100.0%
                            82.0%        18.0%         0.0%

