Clock: clk
Sources: clk 
Generated: no
Virtual: yes
Propagated: no
Period: 50.000000

===========================================================================
report_clock_properties
============================================================================
Clock                   Period          Waveform
----------------------------------------------------
clk                  50.000000    0.000000 25.000000

===========================================================================
report_clock_latency
============================================================================
Clock clk
rise -> rise
    min     max
0.000000 0.000000 source latency
0.559147         network latency _234_/CLK
        0.569541 network latency _245_/CLK
---------------
0.559147 0.569541 latency
        0.010394 skew

fall -> fall
    min     max
0.000000 0.000000 source latency
0.562256         network latency _234_/CLK
        0.570882 network latency _245_/CLK
---------------
0.562256 0.570882 latency
        0.008626 skew



===========================================================================
report_clock_min_period
============================================================================
clk period_min = 4.98 fmax = 201.00
