
===========================================================================
 report_power
============================================================================
======================= min_ss_100C_1v60 Corner ===================================

Group                    Internal    Switching      Leakage        Total
                            Power        Power        Power        Power (Watts)
------------------------------------------------------------------------
Sequential           1.938802e-05 0.000000e+00 5.711278e-07 1.995914e-05  40.1%
Combinational        5.071576e-07 9.510213e-07 7.511007e-07 2.209280e-06   4.4%
Clock                2.009173e-05 7.327231e-06 1.357244e-07 2.755469e-05  55.4%
Macro                0.000000e+00 0.000000e+00 0.000000e+00 0.000000e+00   0.0%
Pad                  0.000000e+00 0.000000e+00 0.000000e+00 0.000000e+00   0.0%
------------------------------------------------------------------------
Total                3.998691e-05 8.278252e-06 1.457955e-06 4.972312e-05 100.0%
                            80.4%        16.6%         2.9%

