
===========================================================================
 report_power
============================================================================
======================= nom_tt_025C_1v80 Corner ===================================

Group                    Internal    Switching      Leakage        Total
                            Power        Power        Power        Power (Watts)
------------------------------------------------------------------------
Sequential           2.514992e-05 0.000000e+00 3.664289e-10 2.515028e-05  97.2%
Combinational        3.405776e-07 3.750393e-07 4.577764e-10 7.160747e-07   2.8%
Clock                0.000000e+00 0.000000e+00 1.296015e-10 1.296015e-10   0.0%
Macro                0.000000e+00 0.000000e+00 0.000000e+00 0.000000e+00   0.0%
Pad                  0.000000e+00 0.000000e+00 0.000000e+00 0.000000e+00   0.0%
------------------------------------------------------------------------
Total                2.549050e-05 3.750393e-07 9.538057e-10 2.586649e-05 100.0%
                            98.5%         1.4%         0.0%
Writing metric power__internal__total: 2.5490497137070633e-5
Writing metric power__switching__total: 3.750393489099224e-7
Writing metric power__leakage__total: 9.538057010871626e-10
Writing metric power__total: 2.5866489522741176e-5

