
===========================================================================
report_checks -unconstrained
===========================================================================
======================= max_ss_100C_1v60 Corner ===================================

Startpoint: rst (input port clocked by clk)
Endpoint: _220_ (recovery check against rising-edge clock clk)
Path Group: asynchronous
Path Type: max

Fanout         Cap        Slew       Delay        Time   Description
---------------------------------------------------------------------------------------------
                                  0.000000    0.000000   clock clk (rise edge)
                                  0.000000    0.000000   clock network delay (propagated)
                                 10.000000   10.000000 v input external delay
     1    0.002594    0.017674    0.008630   10.008630 v rst (in)
                                                         rst (net)
                      0.017674    0.000000   10.008630 v input10/A (sky130_fd_sc_hd__clkbuf_1)
     1    0.004995    0.072504    0.156540   10.165170 v input10/X (sky130_fd_sc_hd__clkbuf_1)
                                                         net10 (net)
                      0.072504    0.000315   10.165484 v fanout18/A (sky130_fd_sc_hd__clkbuf_2)
     5    0.032590    0.230461    0.328222   10.493707 v fanout18/X (sky130_fd_sc_hd__clkbuf_2)
                                                         net18 (net)
                      0.230461    0.000954   10.494660 v fanout16/A (sky130_fd_sc_hd__clkbuf_4)
     9    0.051520    0.193677    0.442426   10.937086 v fanout16/X (sky130_fd_sc_hd__clkbuf_4)
                                                         net16 (net)
                      0.193700    0.002168   10.939254 v fanout15/A (sky130_fd_sc_hd__buf_4)
    10    0.056054    0.145707    0.399280   11.338534 v fanout15/X (sky130_fd_sc_hd__buf_4)
                                                         net15 (net)
                      0.145778    0.002974   11.341508 v _132_/A (sky130_fd_sc_hd__inv_2)
     1    0.003521    0.053774    0.098423   11.439930 ^ _132_/Y (sky130_fd_sc_hd__inv_2)
                                                         _018_ (net)
                      0.053774    0.000187   11.440117 ^ _220_/RESET_B (sky130_fd_sc_hd__dfrtp_2)
                                             11.440117   data arrival time

                                 50.000000   50.000000   clock clk (rise edge)
                                  0.000000   50.000000   clock source latency
     1    0.015683    0.120202    0.080995   50.080994 ^ clk (in)
                                                         clk (net)
                      0.120212    0.000000   50.080994 ^ clkbuf_0_clk/A (sky130_fd_sc_hd__clkbuf_16)
     4    0.039381    0.093883    0.270987   50.351978 ^ clkbuf_0_clk/X (sky130_fd_sc_hd__clkbuf_16)
                                                         clknet_0_clk (net)
                      0.093951    0.002295   50.354275 ^ clkbuf_2_0__f_clk/A (sky130_fd_sc_hd__clkbuf_16)
     9    0.027213    0.076677    0.242387   50.596661 ^ clkbuf_2_0__f_clk/X (sky130_fd_sc_hd__clkbuf_16)
                                                         clknet_2_0__leaf_clk (net)
                      0.076684    0.000806   50.597469 ^ _220_/CLK (sky130_fd_sc_hd__dfrtp_2)
                                 -0.250000   50.347469   clock uncertainty
                                  0.000000   50.347469   clock reconvergence pessimism
                                  0.453722   50.801189   library recovery time
                                             50.801189   data required time
---------------------------------------------------------------------------------------------
                                             50.801189   data required time
                                            -11.440117   data arrival time
---------------------------------------------------------------------------------------------
                                             39.361069   slack (MET)


Startpoint: _239_ (rising edge-triggered flip-flop clocked by clk)
Endpoint: tx (output port clocked by clk)
Path Group: clk
Path Type: max

Fanout         Cap        Slew       Delay        Time   Description
---------------------------------------------------------------------------------------------
                                  0.000000    0.000000   clock clk (rise edge)
                                  0.000000    0.000000   clock source latency
     1    0.015683    0.120202    0.080997    0.080997 ^ clk (in)
                                                         clk (net)
                      0.120212    0.000000    0.080997 ^ clkbuf_0_clk/A (sky130_fd_sc_hd__clkbuf_16)
     4    0.039381    0.093883    0.270986    0.351983 ^ clkbuf_0_clk/X (sky130_fd_sc_hd__clkbuf_16)
                                                         clknet_0_clk (net)
                      0.093967    0.002515    0.354497 ^ clkbuf_2_1__f_clk/A (sky130_fd_sc_hd__clkbuf_16)
     9    0.025581    0.074511    0.240138    0.594636 ^ clkbuf_2_1__f_clk/X (sky130_fd_sc_hd__clkbuf_16)
                                                         clknet_2_1__leaf_clk (net)
                      0.074525    0.000957    0.595593 ^ _239_/CLK (sky130_fd_sc_hd__dfstp_1)
     1    0.002082    0.072207    1.055452    1.651045 ^ _239_/Q (sky130_fd_sc_hd__dfstp_1)
                                                         net12 (net)
                      0.072207    0.000145    1.651190 ^ output12/A (sky130_fd_sc_hd__buf_2)
     1    0.034014    0.270451    0.342517    1.993706 ^ output12/X (sky130_fd_sc_hd__buf_2)
                                                         tx (net)
                      0.270456    0.001590    1.995297 ^ tx (out)
                                              1.995297   data arrival time

                                 50.000000   50.000000   clock clk (rise edge)
                                  0.000000   50.000000   clock network delay (propagated)
                                 -0.250000   49.749996   clock uncertainty
                                  0.000000   49.749996   clock reconvergence pessimism
                                -10.000000   39.749996   output external delay
                                             39.749996   data required time
---------------------------------------------------------------------------------------------
                                             39.749996   data required time
                                             -1.995297   data arrival time
---------------------------------------------------------------------------------------------
                                             37.754700   slack (MET)




===========================================================================
report_checks --slack_max -0.01
============================================================================
======================= max_ss_100C_1v60 Corner ===================================

No paths found.


===========================================================================
 report_check_types -max_slew -max_cap -max_fanout -violators
============================================================================
======================= max_ss_100C_1v60 Corner ===================================



===========================================================================
report_parasitic_annotation -report_unannotated
============================================================================
Found 3 unannotated drivers.
 clkload0/X
 clkload1/X
 clkload2/Y
Found 0 partially unannotated drivers.

===========================================================================
max slew violation count 0
max fanout violation count 0
max cap violation count 0
============================================================================

===========================================================================
check_setup -verbose -unconstrained_endpoints -multiple_clock -no_clock -no_input_delay -loops -generated_clocks
===========================================================================
