
===========================================================================
 report_power
============================================================================
======================= max_ss_100C_1v60 Corner ===================================

Group                    Internal    Switching      Leakage        Total
                            Power        Power        Power        Power (Watts)
------------------------------------------------------------------------
Sequential           1.938119e-05 0.000000e+00 5.711278e-07 1.995232e-05  43.9%
Combinational        4.889109e-07 9.984263e-07 7.430111e-07 2.230348e-06   4.9%
Clock                1.576865e-05 7.363137e-06 1.131064e-07 2.324490e-05  51.2%
Macro                0.000000e+00 0.000000e+00 0.000000e+00 0.000000e+00   0.0%
Pad                  0.000000e+00 0.000000e+00 0.000000e+00 0.000000e+00   0.0%
------------------------------------------------------------------------
Total                3.563876e-05 8.361565e-06 1.427247e-06 4.542757e-05 100.0%
                            78.5%        18.4%         3.1%

