
===========================================================================
 report_power
============================================================================
======================= max_tt_025C_1v80 Corner ===================================

Group                    Internal    Switching      Leakage        Total
                            Power        Power        Power        Power (Watts)
------------------------------------------------------------------------
Sequential           2.513932e-05 0.000000e+00 4.095581e-10 2.513973e-05  44.1%
Combinational        6.377767e-07 1.264794e-06 6.582806e-10 1.903229e-06   3.3%
Clock                2.016771e-05 9.806819e-06 3.786406e-10 2.997490e-05  52.6%
Macro                0.000000e+00 0.000000e+00 0.000000e+00 0.000000e+00   0.0%
Pad                  0.000000e+00 0.000000e+00 0.000000e+00 0.000000e+00   0.0%
------------------------------------------------------------------------
Total                4.594479e-05 1.107161e-05 1.446478e-09 5.701785e-05 100.0%
                            80.6%        19.4%         0.0%

