┏━━━━━━━━━━━━━━━━━━━━━━┳━━━━━━━━━━┳━━━━━━━━━━┳━━━━━━━━━━┳━━━━━━━━━━┳━━━━━━━━━━━┳━━━━━━━━━━┳━━━━━━━━━━━┳━━━━━━━━━━┳━━━━━━━━━━━┳━━━━━━━━━━┳━━━━━━━━━━━┳━━━━━━━━━━┓
┃                      ┃ Hold     ┃ Reg to   ┃          ┃          ┃ of which  ┃ Setup    ┃           ┃          ┃           ┃ of which ┃           ┃          ┃
┃                      ┃ Worst    ┃ Reg      ┃          ┃ Hold Vio ┃ reg to    ┃ Worst    ┃ Reg to    ┃ Setup    ┃ Setup Vio ┃ reg to   ┃ Max Cap   ┃ Max Slew ┃
┃ Corner/Group         ┃ Slack    ┃ Paths    ┃ Hold TNS ┃ Count    ┃ reg       ┃ Slack    ┃ Reg Paths ┃ TNS      ┃ Count     ┃ reg      ┃ Violatio… ┃ Violati… ┃
┡━━━━━━━━━━━━━━━━━━━━━━╇━━━━━━━━━━╇━━━━━━━━━━╇━━━━━━━━━━╇━━━━━━━━━━╇━━━━━━━━━━━╇━━━━━━━━━━╇━━━━━━━━━━━╇━━━━━━━━━━╇━━━━━━━━━━━╇━━━━━━━━━━╇━━━━━━━━━━━╇━━━━━━━━━━┩
│ Overall              │ 0.1093   │ 0.1093   │ 0.0000   │ 0        │ 0         │ 37.7551  │ 44.8604   │ 0.0000   │ 0         │ 0        │ 0         │ 0        │
│ nom_tt_025C_1v80     │ 0.3404   │ 0.3404   │ 0.0000   │ 0        │ 0         │ 38.7283  │ 47.6204   │ 0.0000   │ 0         │ 0        │ 0         │ 0        │
│ nom_ss_100C_1v60     │ 0.9117   │ 0.9117   │ 0.0000   │ 0        │ 0         │ 37.7658  │ 44.8965   │ 0.0000   │ 0         │ 0        │ 0         │ 0        │
│ nom_ff_n40C_1v95     │ 0.1113   │ 0.1113   │ 0.0000   │ 0        │ 0         │ 39.0825  │ 48.4829   │ 0.0000   │ 0         │ 0        │ 0         │ 0        │
│ min_tt_025C_1v80     │ 0.3352   │ 0.3352   │ 0.0000   │ 0        │ 0         │ 38.7339  │ 47.6390   │ 0.0000   │ 0         │ 0        │ 0         │ 0        │
│ min_ss_100C_1v60     │ 0.8967   │ 0.8967   │ 0.0000   │ 0        │ 0         │ 37.7749  │ 44.9314   │ 0.0000   │ 0         │ 0        │ 0         │ 0        │
│ min_ff_n40C_1v95     │ 0.1093   │ 0.1093   │ 0.0000   │ 0        │ 0         │ 39.0868  │ 48.4951   │ 0.0000   │ 0         │ 0        │ 0         │ 0        │
│ max_tt_025C_1v80     │ 0.3438   │ 0.3438   │ 0.0000   │ 0        │ 0         │ 38.7214  │ 47.6012   │ 0.0000   │ 0         │ 0        │ 0         │ 0        │
│ max_ss_100C_1v60     │ 0.9212   │ 0.9212   │ 0.0000   │ 0        │ 0         │ 37.7551  │ 44.8604   │ 0.0000   │ 0         │ 0        │ 0         │ 0        │
│ max_ff_n40C_1v95     │ 0.1139   │ 0.1139   │ 0.0000   │ 0        │ 0         │ 39.0770  │ 48.4704   │ 0.0000   │ 0         │ 0        │ 0         │ 0        │
└──────────────────────┴──────────┴──────────┴──────────┴──────────┴───────────┴──────────┴───────────┴──────────┴───────────┴──────────┴───────────┴──────────┘
