
===========================================================================
 report_power
============================================================================
======================= nom_tt_025C_1v80 Corner ===================================

Group                    Internal    Switching      Leakage        Total
                            Power        Power        Power        Power (Watts)
------------------------------------------------------------------------
Sequential           2.515828e-05 0.000000e+00 4.095581e-10 2.515869e-05  44.9%
Combinational        6.380034e-07 1.223404e-06 6.582806e-10 1.862066e-06   3.3%
Clock                2.011615e-05 8.871487e-06 2.069178e-10 2.898785e-05  51.8%
Macro                0.000000e+00 0.000000e+00 0.000000e+00 0.000000e+00   0.0%
Pad                  0.000000e+00 0.000000e+00 0.000000e+00 0.000000e+00   0.0%
------------------------------------------------------------------------
Total                4.591243e-05 1.009489e-05 1.274757e-09 5.600860e-05 100.0%
                            82.0%        18.0%         0.0%
Writing metric power__internal__total: 4.5912434870842844e-5
Writing metric power__switching__total: 1.0094890967593528e-5
Writing metric power__leakage__total: 1.2747572997184875e-9
Writing metric power__total: 5.600859731202945e-5

