
===========================================================================
 report_power
============================================================================
======================= min_tt_025C_1v80 Corner ===================================

Group                    Internal    Switching      Leakage        Total
                            Power        Power        Power        Power (Watts)
------------------------------------------------------------------------
Sequential           2.515447e-05 0.000000e+00 4.095581e-10 2.515488e-05  44.6%
Combinational        6.374331e-07 1.210350e-06 6.582806e-10 1.848441e-06   3.3%
Clock                2.013220e-05 9.212407e-06 3.786406e-10 2.934499e-05  52.1%
Macro                0.000000e+00 0.000000e+00 0.000000e+00 0.000000e+00   0.0%
Pad                  0.000000e+00 0.000000e+00 0.000000e+00 0.000000e+00   0.0%
------------------------------------------------------------------------
Total                4.592411e-05 1.042276e-05 1.446478e-09 5.634832e-05 100.0%
                            81.5%        18.5%         0.0%

