
===========================================================================
 report_power
============================================================================
======================= nom_tt_025C_1v80 Corner ===================================

Group                    Internal    Switching      Leakage        Total
                            Power        Power        Power        Power (Watts)
------------------------------------------------------------------------
Sequential           2.516586e-05 0.000000e+00 4.098475e-10 2.516627e-05  42.0%
Combinational        6.245090e-07 1.141475e-06 5.286245e-10 1.766513e-06   3.0%
Clock                2.455666e-05 8.375345e-06 2.164507e-10 3.293222e-05  55.0%
Macro                0.000000e+00 0.000000e+00 0.000000e+00 0.000000e+00   0.0%
Pad                  0.000000e+00 0.000000e+00 0.000000e+00 0.000000e+00   0.0%
------------------------------------------------------------------------
Total                5.034702e-05 9.516820e-06 1.154925e-09 5.986500e-05 100.0%
                            84.1%        15.9%         0.0%
Writing metric power__internal__total: 5.034702189732343e-5
Writing metric power__switching__total: 9.516819773125462e-6
Writing metric power__leakage__total: 1.154924600399454e-9
Writing metric power__total: 5.9864996728720143e-5

